main.c:61:6:activeLedSEG	24	static
main.c:94:6:disableLedSEG	24	static
main.c:126:6:display7SEG	16	static
main.c:175:6:disableAllEN	8	static
main.c:182:6:controlENs	16	static
main.c:221:6:update7SEG	16	static
main.c:248:6:updateClockBuffer	4	static
main.c:267:5:main	16	static
main.c:345:6:SystemClock_Config	72	static
main.c:381:13:MX_TIM2_Init	32	static
main.c:426:13:MX_GPIO_Init	32	static
main.c:463:6:HAL_TIM_PeriodElapsedCallback	16	static
main.c:472:6:Error_Handler	4	static,ignoring_inline_asm
